Objective function value: 100.0
Non-zero variable values for 'TEMOA Entire Energy System Economic Optimization Model'
   50.0   V_Activity[2010,imp_oil,2010,oil]
  100.0   V_Activity[2010,t_gascar,2010,transport_distance]
   50.0   V_Activity[2010,t_refinery,2010,gasoline]
   50.0   V_Capacity[2010,imp_oil,2010,oil]
  100.0   V_Capacity[2010,t_gascar,2010,transport_distance]
   50.0   V_Capacity[2010,t_refinery,2010,gasoline]
   50.0   V_FlowIn[2010,gasoline,t_gascar,2010,transport_distance]
   50.0   V_FlowIn[2010,oil,imp_oil,2010,oil]
   50.0   V_FlowIn[2010,oil,t_refinery,2010,gasoline]
  100.0   V_FlowOut[2010,gasoline,t_gascar,2010,transport_distance]
   50.0   V_FlowOut[2010,oil,imp_oil,2010,oil]
   50.0   V_FlowOut[2010,oil,t_refinery,2010,gasoline]

Binding constraint values for 'TEMOA Entire Energy System Economic Optimization Model'
  100.0   DemandConstraint[2010,transport_distance]
   50.0   ResourceExtractionConstraint[2010,oil]
